*** Using Compiler 'V6.24', folder: 'E:\danpianji\keil\ARM\ARMCLANG\Bin'
Rebuild target 'project'
compiling stm32f1xx_hal_gpio_ex.c...
assembling startup_stm32f103xb.s...
compiling stm32f1xx_hal.c...
compiling stm32f1xx_hal_rcc_ex.c...
compiling stm32f1xx_hal_rcc.c...
compiling stm32f1xx_hal_adc_ex.c...
compiling stm32f1xx_hal_adc.c...
compiling stm32f1xx_hal_gpio.c...
compiling stm32f1xx_hal_pwr.c...
compiling stm32f1xx_hal_flash.c...
compiling stm32f1xx_hal_cortex.c...
compiling stm32f1xx_hal_dma.c...
compiling stm32f1xx_hal_flash_ex.c...
compiling stm32f1xx_hal_exti.c...
compiling system_stm32f1xx.c...
compiling Delay.c...
compiling Key.c...
compiling stm32f1xx_hal_tim_ex.c...
compiling LED.c...
compiling motor.c...
compiling xunji.c...
compiling OLED.c...
compiling stm32f1xx_hal_uart.c...
compiling stm32f1xx_hal_tim.c...
compiling main.c...
compiling gpio.c...
compiling stm32f1xx_hal_i2c.c...
compiling dma.c...
compiling adc.c...
compiling i2c.c...
compiling usart.c...
compiling tim.c...
compiling stm32f1xx_it.c...
compiling stm32f1xx_hal_msp.c...
linking...
Program Size: Code=19948 RO-data=1852 RW-data=28 ZI-data=2164  
FromELF: creating hex file...
"project\project.axf" - 0 Error(s), 0 Warning(s).
Build Time Elapsed:  00:00:03
